Archive member included because of file (symbol)

d:/books/faculty/imt embedded/imt_sdk_win_64/winavr/bin/../lib/gcc/avr/4.3.3/avr5\libgcc.a(_udivmodqi4.o)
                              ./MCAL/PORT/PORT_PROG.o (__udivmodqi4)
d:/books/faculty/imt embedded/imt_sdk_win_64/winavr/bin/../lib/gcc/avr/4.3.3/avr5\libgcc.a(_udivmodhi4.o)
                              ./HAL/RTC/RTC_PROG.o (__udivmodhi4)
d:/books/faculty/imt embedded/imt_sdk_win_64/winavr/bin/../lib/gcc/avr/4.3.3/avr5\libgcc.a(_divmodsi4.o)
                              ./MCAL/I2C/I2C_PROG.o (__divmodsi4)
d:/books/faculty/imt embedded/imt_sdk_win_64/winavr/bin/../lib/gcc/avr/4.3.3/avr5\libgcc.a(_exit.o)
                              d:/books/faculty/imt embedded/imt_sdk_win_64/winavr/bin/../lib/gcc/avr/4.3.3/../../../../avr/lib/avr5/crtm32.o (exit)
d:/books/faculty/imt embedded/imt_sdk_win_64/winavr/bin/../lib/gcc/avr/4.3.3/avr5\libgcc.a(_copy_data.o)
                              ./HAL/RTC/RTC_PROG.o (__do_copy_data)
d:/books/faculty/imt embedded/imt_sdk_win_64/winavr/bin/../lib/gcc/avr/4.3.3/avr5\libgcc.a(_clear_bss.o)
                              ./MCAL/UART/UART_PROG.o (__do_clear_bss)
d:/books/faculty/imt embedded/imt_sdk_win_64/winavr/bin/../lib/gcc/avr/4.3.3/avr5\libgcc.a(_fixunssfsi.o)
                              ./HAL/LCD/LCD_PROG.o (__fixunssfsi)
d:/books/faculty/imt embedded/imt_sdk_win_64/winavr/bin/../lib/gcc/avr/4.3.3/avr5\libgcc.a(_addsub_sf.o)
                              d:/books/faculty/imt embedded/imt_sdk_win_64/winavr/bin/../lib/gcc/avr/4.3.3/avr5\libgcc.a(_fixunssfsi.o) (__subsf3)
d:/books/faculty/imt embedded/imt_sdk_win_64/winavr/bin/../lib/gcc/avr/4.3.3/avr5\libgcc.a(_mul_sf.o)
                              ./HAL/LCD/LCD_PROG.o (__mulsf3)
d:/books/faculty/imt embedded/imt_sdk_win_64/winavr/bin/../lib/gcc/avr/4.3.3/avr5\libgcc.a(_gt_sf.o)
                              ./HAL/LCD/LCD_PROG.o (__gtsf2)
d:/books/faculty/imt embedded/imt_sdk_win_64/winavr/bin/../lib/gcc/avr/4.3.3/avr5\libgcc.a(_ge_sf.o)
                              d:/books/faculty/imt embedded/imt_sdk_win_64/winavr/bin/../lib/gcc/avr/4.3.3/avr5\libgcc.a(_fixunssfsi.o) (__gesf2)
d:/books/faculty/imt embedded/imt_sdk_win_64/winavr/bin/../lib/gcc/avr/4.3.3/avr5\libgcc.a(_lt_sf.o)
                              ./HAL/LCD/LCD_PROG.o (__ltsf2)
d:/books/faculty/imt embedded/imt_sdk_win_64/winavr/bin/../lib/gcc/avr/4.3.3/avr5\libgcc.a(_sf_to_si.o)
                              d:/books/faculty/imt embedded/imt_sdk_win_64/winavr/bin/../lib/gcc/avr/4.3.3/avr5\libgcc.a(_fixunssfsi.o) (__fixsfsi)
d:/books/faculty/imt embedded/imt_sdk_win_64/winavr/bin/../lib/gcc/avr/4.3.3/avr5\libgcc.a(_thenan_sf.o)
                              d:/books/faculty/imt embedded/imt_sdk_win_64/winavr/bin/../lib/gcc/avr/4.3.3/avr5\libgcc.a(_addsub_sf.o) (__thenan_sf)
d:/books/faculty/imt embedded/imt_sdk_win_64/winavr/bin/../lib/gcc/avr/4.3.3/avr5\libgcc.a(_udivmodsi4.o)
                              d:/books/faculty/imt embedded/imt_sdk_win_64/winavr/bin/../lib/gcc/avr/4.3.3/avr5\libgcc.a(_divmodsi4.o) (__udivmodsi4)
d:/books/faculty/imt embedded/imt_sdk_win_64/winavr/bin/../lib/gcc/avr/4.3.3/avr5\libgcc.a(_prologue.o)
                              d:/books/faculty/imt embedded/imt_sdk_win_64/winavr/bin/../lib/gcc/avr/4.3.3/avr5\libgcc.a(_addsub_sf.o) (__prologue_saves__)
d:/books/faculty/imt embedded/imt_sdk_win_64/winavr/bin/../lib/gcc/avr/4.3.3/avr5\libgcc.a(_epilogue.o)
                              d:/books/faculty/imt embedded/imt_sdk_win_64/winavr/bin/../lib/gcc/avr/4.3.3/avr5\libgcc.a(_addsub_sf.o) (__epilogue_restores__)
d:/books/faculty/imt embedded/imt_sdk_win_64/winavr/bin/../lib/gcc/avr/4.3.3/avr5\libgcc.a(_pack_sf.o)
                              d:/books/faculty/imt embedded/imt_sdk_win_64/winavr/bin/../lib/gcc/avr/4.3.3/avr5\libgcc.a(_addsub_sf.o) (__pack_f)
d:/books/faculty/imt embedded/imt_sdk_win_64/winavr/bin/../lib/gcc/avr/4.3.3/avr5\libgcc.a(_unpack_sf.o)
                              d:/books/faculty/imt embedded/imt_sdk_win_64/winavr/bin/../lib/gcc/avr/4.3.3/avr5\libgcc.a(_addsub_sf.o) (__unpack_f)
d:/books/faculty/imt embedded/imt_sdk_win_64/winavr/bin/../lib/gcc/avr/4.3.3/avr5\libgcc.a(_fpcmp_parts_sf.o)
                              d:/books/faculty/imt embedded/imt_sdk_win_64/winavr/bin/../lib/gcc/avr/4.3.3/avr5\libgcc.a(_gt_sf.o) (__fpcmp_parts_f)
d:/books/faculty/imt embedded/imt_sdk_win_64/winavr/bin/../lib/gcc/avr/4.3.3/../../../../avr/lib/avr5\libc.a(itoa.o)
                              ./HAL/LCD/LCD_PROG.o (itoa)
d:/books/faculty/imt embedded/imt_sdk_win_64/winavr/bin/../lib/gcc/avr/4.3.3/../../../../avr/lib/avr5\libc.a(strrev.o)
                              d:/books/faculty/imt embedded/imt_sdk_win_64/winavr/bin/../lib/gcc/avr/4.3.3/../../../../avr/lib/avr5\libc.a(itoa.o) (strrev)

Allocating common symbols
Common symbol       size              file

FingerPrintBuffer   0x64              ./HAL/FINGER_PRINT/FINGER_PRINT_PROG.o
CallBackReceiveFunc
                    0x2               ./MCAL/UART/UART_PROG.o

Memory Configuration

Name             Origin             Length             Attributes
text             0x00000000         0x00020000         xr
data             0x00800060         0x0000ffa0         rw !x
eeprom           0x00810000         0x00010000         rw !x
fuse             0x00820000         0x00000400         rw !x
lock             0x00830000         0x00000400         rw !x
signature        0x00840000         0x00000400         rw !x
*default*        0x00000000         0xffffffff

Linker script and memory map

LOAD d:/books/faculty/imt embedded/imt_sdk_win_64/winavr/bin/../lib/gcc/avr/4.3.3/../../../../avr/lib/avr5/crtm32.o
LOAD ./MCAL/UART/UART_PROG.o
LOAD ./MCAL/PORT/PORT_PROG.o
LOAD ./MCAL/I2C/I2C_PROG.o
LOAD ./MCAL/GENERAL_INTERRUPT/GIE_PROG.o
LOAD ./MCAL/DIO/DIO_PROG.o
LOAD ./HAL/RTC/RTC_PROG.o
LOAD ./HAL/LED/LED_PROG.o
LOAD ./HAL/LCD/LCD_PROG.o
LOAD ./HAL/KEYPAD/KEYPAD_PROG.o
LOAD ./HAL/FINGER_PRINT/FINGER_PRINT_PROG.o
LOAD ./HAL/EXTERNAL_EEPROM/ExEEPROM_PROG.o
LOAD ./CONFIG/DIO_LCFG.o
LOAD ./CONFIG/ExEEPROM_LCFG.o
LOAD ./CONFIG/I2C_LCFG.o
LOAD ./CONFIG/KEYPAD_LCFG.o
LOAD ./CONFIG/LCD_LCFH.o
LOAD ./CONFIG/LED_LCFG.o
LOAD ./CONFIG/PORT_LCFG.o
LOAD ./CONFIG/UART_LCFG.o
LOAD ./APP/SMART_HOME_PROG.o
LOAD ./APP/main.o
LOAD d:/books/faculty/imt embedded/imt_sdk_win_64/winavr/bin/../lib/gcc/avr/4.3.3/avr5\libgcc.a
LOAD d:/books/faculty/imt embedded/imt_sdk_win_64/winavr/bin/../lib/gcc/avr/4.3.3/../../../../avr/lib/avr5\libc.a
LOAD d:/books/faculty/imt embedded/imt_sdk_win_64/winavr/bin/../lib/gcc/avr/4.3.3/avr5\libgcc.a

.hash
 *(.hash)

.dynsym
 *(.dynsym)

.dynstr
 *(.dynstr)

.gnu.version
 *(.gnu.version)

.gnu.version_d
 *(.gnu.version_d)

.gnu.version_r
 *(.gnu.version_r)

.rel.init
 *(.rel.init)

.rela.init
 *(.rela.init)

.rel.text
 *(.rel.text)
 *(.rel.text.*)
 *(.rel.gnu.linkonce.t*)

.rela.text
 *(.rela.text)
 *(.rela.text.*)
 *(.rela.gnu.linkonce.t*)

.rel.fini
 *(.rel.fini)

.rela.fini
 *(.rela.fini)

.rel.rodata
 *(.rel.rodata)
 *(.rel.rodata.*)
 *(.rel.gnu.linkonce.r*)

.rela.rodata
 *(.rela.rodata)
 *(.rela.rodata.*)
 *(.rela.gnu.linkonce.r*)

.rel.data
 *(.rel.data)
 *(.rel.data.*)
 *(.rel.gnu.linkonce.d*)

.rela.data
 *(.rela.data)
 *(.rela.data.*)
 *(.rela.gnu.linkonce.d*)

.rel.ctors
 *(.rel.ctors)

.rela.ctors
 *(.rela.ctors)

.rel.dtors
 *(.rel.dtors)

.rela.dtors
 *(.rela.dtors)

.rel.got
 *(.rel.got)

.rela.got
 *(.rela.got)

.rel.bss
 *(.rel.bss)

.rela.bss
 *(.rela.bss)

.rel.plt
 *(.rel.plt)

.rela.plt
 *(.rela.plt)

.text           0x00000000     0x7652
 *(.vectors)
 .vectors       0x00000000       0x54 d:/books/faculty/imt embedded/imt_sdk_win_64/winavr/bin/../lib/gcc/avr/4.3.3/../../../../avr/lib/avr5/crtm32.o
                0x00000000                __vectors
                0x00000000                __vector_default
 *(.vectors)
 *(.progmem.gcc*)
 *(.progmem*)
                0x00000054                . = ALIGN (0x2)
                0x00000054                __trampolines_start = .
 *(.trampolines)
 .trampolines   0x00000054        0x0 linker stubs
 *(.trampolines*)
                0x00000054                __trampolines_end = .
 *(.jumptables)
 *(.jumptables*)
 *(.lowtext)
 *(.lowtext*)
                0x00000054                __ctors_start = .
 *(.ctors)
                0x00000054                __ctors_end = .
                0x00000054                __dtors_start = .
 *(.dtors)
                0x00000054                __dtors_end = .
 SORT(*)(.ctors)
 SORT(*)(.dtors)
 *(.init0)
 .init0         0x00000054        0x0 d:/books/faculty/imt embedded/imt_sdk_win_64/winavr/bin/../lib/gcc/avr/4.3.3/../../../../avr/lib/avr5/crtm32.o
                0x00000054                __init
 *(.init0)
 *(.init1)
 *(.init1)
 *(.init2)
 .init2         0x00000054        0xc d:/books/faculty/imt embedded/imt_sdk_win_64/winavr/bin/../lib/gcc/avr/4.3.3/../../../../avr/lib/avr5/crtm32.o
 *(.init2)
 *(.init3)
 *(.init3)
 *(.init4)
 .init4         0x00000060       0x16 d:/books/faculty/imt embedded/imt_sdk_win_64/winavr/bin/../lib/gcc/avr/4.3.3/avr5\libgcc.a(_copy_data.o)
                0x00000060                __do_copy_data
 .init4         0x00000076       0x10 d:/books/faculty/imt embedded/imt_sdk_win_64/winavr/bin/../lib/gcc/avr/4.3.3/avr5\libgcc.a(_clear_bss.o)
                0x00000076                __do_clear_bss
 *(.init4)
 *(.init5)
 *(.init5)
 *(.init6)
 *(.init6)
 *(.init7)
 *(.init7)
 *(.init8)
 *(.init8)
 *(.init9)
 .init9         0x00000086        0x8 d:/books/faculty/imt embedded/imt_sdk_win_64/winavr/bin/../lib/gcc/avr/4.3.3/../../../../avr/lib/avr5/crtm32.o
 *(.init9)
 *(.text)
 .text          0x0000008e        0x4 d:/books/faculty/imt embedded/imt_sdk_win_64/winavr/bin/../lib/gcc/avr/4.3.3/../../../../avr/lib/avr5/crtm32.o
                0x0000008e                __vector_1
                0x0000008e                __vector_12
                0x0000008e                __bad_interrupt
                0x0000008e                __vector_6
                0x0000008e                __vector_3
                0x0000008e                __vector_11
                0x0000008e                __vector_17
                0x0000008e                __vector_19
                0x0000008e                __vector_7
                0x0000008e                __vector_5
                0x0000008e                __vector_4
                0x0000008e                __vector_9
                0x0000008e                __vector_2
                0x0000008e                __vector_15
                0x0000008e                __vector_8
                0x0000008e                __vector_14
                0x0000008e                __vector_10
                0x0000008e                __vector_16
                0x0000008e                __vector_18
                0x0000008e                __vector_20
 .text          0x00000092        0x0 ./MCAL/UART/UART_PROG.o
 .text          0x00000092        0x0 ./MCAL/PORT/PORT_PROG.o
 .text          0x00000092        0x0 ./MCAL/I2C/I2C_PROG.o
 .text          0x00000092        0x0 ./MCAL/GENERAL_INTERRUPT/GIE_PROG.o
 .text          0x00000092        0x0 ./MCAL/DIO/DIO_PROG.o
 .text          0x00000092        0x0 ./HAL/RTC/RTC_PROG.o
 .text          0x00000092        0x0 ./HAL/LED/LED_PROG.o
 .text          0x00000092        0x0 ./HAL/LCD/LCD_PROG.o
 .text          0x00000092        0x0 ./HAL/KEYPAD/KEYPAD_PROG.o
 .text          0x00000092        0x0 ./HAL/FINGER_PRINT/FINGER_PRINT_PROG.o
 .text          0x00000092        0x0 ./HAL/EXTERNAL_EEPROM/ExEEPROM_PROG.o
 .text          0x00000092        0x0 ./CONFIG/DIO_LCFG.o
 .text          0x00000092        0x0 ./CONFIG/ExEEPROM_LCFG.o
 .text          0x00000092        0x0 ./CONFIG/I2C_LCFG.o
 .text          0x00000092        0x0 ./CONFIG/KEYPAD_LCFG.o
 .text          0x00000092        0x0 ./CONFIG/LCD_LCFH.o
 .text          0x00000092        0x0 ./CONFIG/LED_LCFG.o
 .text          0x00000092        0x0 ./CONFIG/PORT_LCFG.o
 .text          0x00000092        0x0 ./CONFIG/UART_LCFG.o
 .text          0x00000092        0x0 ./APP/SMART_HOME_PROG.o
 .text          0x00000092        0x0 ./APP/main.o
 .text          0x00000092        0x0 d:/books/faculty/imt embedded/imt_sdk_win_64/winavr/bin/../lib/gcc/avr/4.3.3/avr5\libgcc.a(_udivmodqi4.o)
 .text          0x00000092        0x0 d:/books/faculty/imt embedded/imt_sdk_win_64/winavr/bin/../lib/gcc/avr/4.3.3/avr5\libgcc.a(_udivmodhi4.o)
 .text          0x00000092        0x0 d:/books/faculty/imt embedded/imt_sdk_win_64/winavr/bin/../lib/gcc/avr/4.3.3/avr5\libgcc.a(_divmodsi4.o)
 .text          0x00000092        0x0 d:/books/faculty/imt embedded/imt_sdk_win_64/winavr/bin/../lib/gcc/avr/4.3.3/avr5\libgcc.a(_exit.o)
 .text          0x00000092        0x0 d:/books/faculty/imt embedded/imt_sdk_win_64/winavr/bin/../lib/gcc/avr/4.3.3/avr5\libgcc.a(_copy_data.o)
 .text          0x00000092        0x0 d:/books/faculty/imt embedded/imt_sdk_win_64/winavr/bin/../lib/gcc/avr/4.3.3/avr5\libgcc.a(_clear_bss.o)
 .text          0x00000092       0x58 d:/books/faculty/imt embedded/imt_sdk_win_64/winavr/bin/../lib/gcc/avr/4.3.3/avr5\libgcc.a(_fixunssfsi.o)
                0x00000092                __fixunssfsi
 .text          0x000000ea      0x354 d:/books/faculty/imt embedded/imt_sdk_win_64/winavr/bin/../lib/gcc/avr/4.3.3/avr5\libgcc.a(_addsub_sf.o)
                0x00000382                __subsf3
                0x000003e4                __addsf3
 .text          0x0000043e      0x1f4 d:/books/faculty/imt embedded/imt_sdk_win_64/winavr/bin/../lib/gcc/avr/4.3.3/avr5\libgcc.a(_mul_sf.o)
                0x0000043e                __mulsf3
 .text          0x00000632       0x60 d:/books/faculty/imt embedded/imt_sdk_win_64/winavr/bin/../lib/gcc/avr/4.3.3/avr5\libgcc.a(_gt_sf.o)
                0x00000632                __gtsf2
 .text          0x00000692       0x60 d:/books/faculty/imt embedded/imt_sdk_win_64/winavr/bin/../lib/gcc/avr/4.3.3/avr5\libgcc.a(_ge_sf.o)
                0x00000692                __gesf2
 .text          0x000006f2       0x60 d:/books/faculty/imt embedded/imt_sdk_win_64/winavr/bin/../lib/gcc/avr/4.3.3/avr5\libgcc.a(_lt_sf.o)
                0x000006f2                __ltsf2
 .text          0x00000752       0xa8 d:/books/faculty/imt embedded/imt_sdk_win_64/winavr/bin/../lib/gcc/avr/4.3.3/avr5\libgcc.a(_sf_to_si.o)
                0x00000752                __fixsfsi
 .text          0x000007fa        0x0 d:/books/faculty/imt embedded/imt_sdk_win_64/winavr/bin/../lib/gcc/avr/4.3.3/avr5\libgcc.a(_thenan_sf.o)
 .text          0x000007fa        0x0 d:/books/faculty/imt embedded/imt_sdk_win_64/winavr/bin/../lib/gcc/avr/4.3.3/avr5\libgcc.a(_udivmodsi4.o)
 .text          0x000007fa        0x0 d:/books/faculty/imt embedded/imt_sdk_win_64/winavr/bin/../lib/gcc/avr/4.3.3/avr5\libgcc.a(_prologue.o)
 .text          0x000007fa        0x0 d:/books/faculty/imt embedded/imt_sdk_win_64/winavr/bin/../lib/gcc/avr/4.3.3/avr5\libgcc.a(_epilogue.o)
 .text          0x000007fa      0x1aa d:/books/faculty/imt embedded/imt_sdk_win_64/winavr/bin/../lib/gcc/avr/4.3.3/avr5\libgcc.a(_pack_sf.o)
                0x000007fa                __pack_f
 .text          0x000009a4       0xf0 d:/books/faculty/imt embedded/imt_sdk_win_64/winavr/bin/../lib/gcc/avr/4.3.3/avr5\libgcc.a(_unpack_sf.o)
                0x000009a4                __unpack_f
 .text          0x00000a94       0xb2 d:/books/faculty/imt embedded/imt_sdk_win_64/winavr/bin/../lib/gcc/avr/4.3.3/avr5\libgcc.a(_fpcmp_parts_sf.o)
                0x00000a94                __fpcmp_parts_f
 .text          0x00000b46        0x0 d:/books/faculty/imt embedded/imt_sdk_win_64/winavr/bin/../lib/gcc/avr/4.3.3/../../../../avr/lib/avr5\libc.a(itoa.o)
 .text          0x00000b46        0x0 d:/books/faculty/imt embedded/imt_sdk_win_64/winavr/bin/../lib/gcc/avr/4.3.3/../../../../avr/lib/avr5\libc.a(strrev.o)
                0x00000b46                . = ALIGN (0x2)
 *(.text.*)
 .text.M_UART_Inite
                0x00000b46      0x242 ./MCAL/UART/UART_PROG.o
                0x00000b46                M_UART_Inite
 .text.M_UART_SendByte
                0x00000d88       0x34 ./MCAL/UART/UART_PROG.o
                0x00000d88                M_UART_SendByte
 .text.M_UART_SendString
                0x00000dbc       0x52 ./MCAL/UART/UART_PROG.o
                0x00000dbc                M_UART_SendString
 .text.M_UART_ReceiveByteSynchNonBlocking
                0x00000e0e       0x6c ./MCAL/UART/UART_PROG.o
                0x00000e0e                M_UART_ReceiveByteSynchNonBlocking
 .text.M_UART_ReceiveByteAsynchCallBack
                0x00000e7a       0x32 ./MCAL/UART/UART_PROG.o
                0x00000e7a                M_UART_ReceiveByteAsynchCallBack
 .text.M_UART_DisableInterrupt
                0x00000eac       0x1c ./MCAL/UART/UART_PROG.o
                0x00000eac                M_UART_DisableInterrupt
 .text.M_UART_EnableInterrupt
                0x00000ec8       0x1c ./MCAL/UART/UART_PROG.o
                0x00000ec8                M_UART_EnableInterrupt
 .text.M_UART_ReceiveStringSynchNonBlocking
                0x00000ee4       0xda ./MCAL/UART/UART_PROG.o
                0x00000ee4                M_UART_ReceiveStringSynchNonBlocking
 .text.__vector_13
                0x00000fbe       0x64 ./MCAL/UART/UART_PROG.o
                0x00000fbe                __vector_13
 .text.M_PORT_void_Int
                0x00001022      0x5a4 ./MCAL/PORT/PORT_PROG.o
                0x00001022                M_PORT_void_Int
 .text.I2C_pow  0x000015c6       0x72 ./MCAL/I2C/I2C_PROG.o
 .text.M_I2C_Init
                0x00001638      0x154 ./MCAL/I2C/I2C_PROG.o
                0x00001638                M_I2C_Init
 .text.M_I2C_SendAddress
                0x0000178c       0x2c ./MCAL/I2C/I2C_PROG.o
                0x0000178c                M_I2C_SendAddress
 .text.M_I2C_SendByte
                0x000017b8       0x2e ./MCAL/I2C/I2C_PROG.o
                0x000017b8                M_I2C_SendByte
 .text.M_I2C_SendStart
                0x000017e6       0x20 ./MCAL/I2C/I2C_PROG.o
                0x000017e6                M_I2C_SendStart
 .text.M_I2C_SendStop
                0x00001806       0x16 ./MCAL/I2C/I2C_PROG.o
                0x00001806                M_I2C_SendStop
 .text.M_I2C_ReceiveByte_ACK
                0x0000181c       0x36 ./MCAL/I2C/I2C_PROG.o
                0x0000181c                M_I2C_ReceiveByte_ACK
 .text.M_I2C_ReceiveByte_NoACK
                0x00001852       0x36 ./MCAL/I2C/I2C_PROG.o
                0x00001852                M_I2C_ReceiveByte_NoACK
 .text.M_I2C_GetStatus
                0x00001888       0x26 ./MCAL/I2C/I2C_PROG.o
                0x00001888                M_I2C_GetStatus
 .text.M_GIE_Enable
                0x000018ae       0x1c ./MCAL/GENERAL_INTERRUPT/GIE_PROG.o
                0x000018ae                M_GIE_Enable
 .text.M_GIE_Disable
                0x000018ca       0x1c ./MCAL/GENERAL_INTERRUPT/GIE_PROG.o
                0x000018ca                M_GIE_Disable
 .text.M_DIO_void_SetPinValue
                0x000018e6      0x1d6 ./MCAL/DIO/DIO_PROG.o
                0x000018e6                M_DIO_void_SetPinValue
 .text.M_DIO_u8_GetPinValue
                0x00001abc       0xe0 ./MCAL/DIO/DIO_PROG.o
                0x00001abc                M_DIO_u8_GetPinValue
 .text.M_DIO_void_TogglePinValue
                0x00001b9c      0x118 ./MCAL/DIO/DIO_PROG.o
                0x00001b9c                M_DIO_void_TogglePinValue
 .text.M_DIO_void_SetPortValue
                0x00001cb4       0x84 ./MCAL/DIO/DIO_PROG.o
                0x00001cb4                M_DIO_void_SetPortValue
 .text.M_DIO_void_GetPortValue
                0x00001d38       0x86 ./MCAL/DIO/DIO_PROG.o
                0x00001d38                M_DIO_void_GetPortValue
 .text.H_RTC_Init
                0x00001dbe       0x18 ./HAL/RTC/RTC_PROG.o
                0x00001dbe                H_RTC_Init
 .text.H_RTC_HandleTimeStruct
                0x00001dd6      0x160 ./HAL/RTC/RTC_PROG.o
 .text.H_RTC_SetTime
                0x00001f36       0x58 ./HAL/RTC/RTC_PROG.o
                0x00001f36                H_RTC_SetTime
 .text.H_RTC_ExtractTime
                0x00001f8e      0x17c ./HAL/RTC/RTC_PROG.o
 .text.H_RTC_GetTime
                0x0000210a      0x110 ./HAL/RTC/RTC_PROG.o
                0x0000210a                H_RTC_GetTime
 .text.H_RTC_HandleDateStruct
                0x0000221a       0xe4 ./HAL/RTC/RTC_PROG.o
 .text.H_RTC_SetDate
                0x000022fe       0x60 ./HAL/RTC/RTC_PROG.o
                0x000022fe                H_RTC_SetDate
 .text.H_RTC_ExtractDate
                0x0000235e       0xf2 ./HAL/RTC/RTC_PROG.o
 .text.H_RTC_GetDate
                0x00002450      0x126 ./HAL/RTC/RTC_PROG.o
                0x00002450                H_RTC_GetDate
 .text.H_RTC_DisplayTime
                0x00002576       0x8e ./HAL/RTC/RTC_PROG.o
                0x00002576                H_RTC_DisplayTime
 .text.H_RTC_DisplayDate
                0x00002604      0x118 ./HAL/RTC/RTC_PROG.o
                0x00002604                H_RTC_DisplayDate
 .text.H_LED_void_TurnOn
                0x0000271c       0x7e ./HAL/LED/LED_PROG.o
                0x0000271c                H_LED_void_TurnOn
 .text.H_LED_void_TurnOff
                0x0000279a       0x7e ./HAL/LED/LED_PROG.o
                0x0000279a                H_LED_void_TurnOff
 .text.H_LED_void_Toggle
                0x00002818       0x76 ./HAL/LED/LED_PROG.o
                0x00002818                H_LED_void_Toggle
 .text.H_LCD_void_Init
                0x0000288e      0x128 ./HAL/LCD/LCD_PROG.o
                0x0000288e                H_LCD_void_Init
 .text.H_LCD_void_LatchByte
                0x000029b6      0x46a ./HAL/LCD/LCD_PROG.o
 .text.H_LCD_void_SendChar
                0x00002e20       0x22 ./HAL/LCD/LCD_PROG.o
                0x00002e20                H_LCD_void_SendChar
 .text.H_LCD_void_SendCommand
                0x00002e42       0x22 ./HAL/LCD/LCD_PROG.o
                0x00002e42                H_LCD_void_SendCommand
 .text.H_LCD_void_SendString
                0x00002e64       0x56 ./HAL/LCD/LCD_PROG.o
                0x00002e64                H_LCD_void_SendString
 .text.H_LCD_void_SendIntNum
                0x00002eba       0xda ./HAL/LCD/LCD_PROG.o
                0x00002eba                H_LCD_void_SendIntNum
 .text.H_LCD_void_SendNumber
                0x00002f94      0x210 ./HAL/LCD/LCD_PROG.o
                0x00002f94                H_LCD_void_SendNumber
 .text.H_LCD_void_GotoXY
                0x000031a4       0x56 ./HAL/LCD/LCD_PROG.o
                0x000031a4                H_LCD_void_GotoXY
 .text.H_LCD_void_CreatCustomChar
                0x000031fa       0x6c ./HAL/LCD/LCD_PROG.o
                0x000031fa                H_LCD_void_CreatCustomChar
 .text.H_LCD_void_DisplayCustomChar
                0x00003266       0x1a ./HAL/LCD/LCD_PROG.o
                0x00003266                H_LCD_void_DisplayCustomChar
 .text.H_KEYPAD_u8_GetPressedKey
                0x00003280      0x294 ./HAL/KEYPAD/KEYPAD_PROG.o
                0x00003280                H_KEYPAD_u8_GetPressedKey
 .text.FP_ISR   0x00003514       0x2c ./HAL/FINGER_PRINT/FINGER_PRINT_PROG.o
 .text.H_FP_Init
                0x00003540       0x24 ./HAL/FINGER_PRINT/FINGER_PRINT_PROG.o
                0x00003540                H_FP_Init
 .text.H_FP_SendHeaderAndAddress
                0x00003564       0x32 ./HAL/FINGER_PRINT/FINGER_PRINT_PROG.o
 .text.H_FP_DisplayBuffer
                0x00003596       0x1a ./HAL/FINGER_PRINT/FINGER_PRINT_PROG.o
                0x00003596                H_FP_DisplayBuffer
 .text.H_FP_CollectFingerImage
                0x000035b0       0x56 ./HAL/FINGER_PRINT/FINGER_PRINT_PROG.o
                0x000035b0                H_FP_CollectFingerImage
 .text.H_FP_GenerateCharacterFileFirstScan
                0x00003606       0x5c ./HAL/FINGER_PRINT/FINGER_PRINT_PROG.o
                0x00003606                H_FP_GenerateCharacterFileFirstScan
 .text.H_FP_GenerateCharacterFileSecondScan
                0x00003662       0x5c ./HAL/FINGER_PRINT/FINGER_PRINT_PROG.o
                0x00003662                H_FP_GenerateCharacterFileSecondScan
 .text.H_FP_FirstScan
                0x000036be      0x230 ./HAL/FINGER_PRINT/FINGER_PRINT_PROG.o
                0x000036be                H_FP_FirstScan
 .text.H_FP_SecondScan
                0x000038ee       0x26 ./HAL/FINGER_PRINT/FINGER_PRINT_PROG.o
                0x000038ee                H_FP_SecondScan
 .text.H_FP_GenerateTemplate
                0x00003914       0x56 ./HAL/FINGER_PRINT/FINGER_PRINT_PROG.o
                0x00003914                H_FP_GenerateTemplate
 .text.H_FP_StoreTemplate
                0x0000396a       0x70 ./HAL/FINGER_PRINT/FINGER_PRINT_PROG.o
                0x0000396a                H_FP_StoreTemplate
 .text.H_FP_ScanAndStore
                0x000039da      0x5bc ./HAL/FINGER_PRINT/FINGER_PRINT_PROG.o
                0x000039da                H_FP_ScanAndStore
 .text.H_FP_MatchTwoFingerTemplates
                0x00003f96       0x56 ./HAL/FINGER_PRINT/FINGER_PRINT_PROG.o
                0x00003f96                H_FP_MatchTwoFingerTemplates
 .text.H_FP_SearchFingerLibrary
                0x00003fec      0x1aa ./HAL/FINGER_PRINT/FINGER_PRINT_PROG.o
                0x00003fec                H_FP_SearchFingerLibrary
 .text.H_FP_ScanAndSearch
                0x00004196      0x342 ./HAL/FINGER_PRINT/FINGER_PRINT_PROG.o
                0x00004196                H_FP_ScanAndSearch
 .text.H_FP_ReadTemplate
                0x000044d8       0x70 ./HAL/FINGER_PRINT/FINGER_PRINT_PROG.o
                0x000044d8                H_FP_ReadTemplate
 .text.H_FP_ScanAndVerify
                0x00004548      0x33c ./HAL/FINGER_PRINT/FINGER_PRINT_PROG.o
                0x00004548                H_FP_ScanAndVerify
 .text.H_FP_EmptyLibrary
                0x00004884       0x56 ./HAL/FINGER_PRINT/FINGER_PRINT_PROG.o
                0x00004884                H_FP_EmptyLibrary
 .text.H_ExEEPROM_Init
                0x000048da       0x18 ./HAL/EXTERNAL_EEPROM/ExEEPROM_PROG.o
                0x000048da                H_ExEEPROM_Init
 .text.H_ExEEPROM_WriteByte
                0x000048f2       0x46 ./HAL/EXTERNAL_EEPROM/ExEEPROM_PROG.o
                0x000048f2                H_ExEEPROM_WriteByte
 .text.H_ExEEPROM_ReadByte
                0x00004938       0x56 ./HAL/EXTERNAL_EEPROM/ExEEPROM_PROG.o
                0x00004938                H_ExEEPROM_ReadByte
 .text.InitializeSystem
                0x0000498e       0x32 ./APP/SMART_HOME_PROG.o
                0x0000498e                InitializeSystem
 .text.ReadStoredPassword
                0x000049c0      0x146 ./APP/SMART_HOME_PROG.o
                0x000049c0                ReadStoredPassword
 .text.ReadKeyPad
                0x00004b06       0x60 ./APP/SMART_HOME_PROG.o
                0x00004b06                ReadKeyPad
 .text.LedControl
                0x00004b66      0x112 ./APP/SMART_HOME_PROG.o
                0x00004b66                LedControl
 .text.ChangeMode
                0x00004c78      0x2fe ./APP/SMART_HOME_PROG.o
                0x00004c78                ChangeMode
 .text.IsCompleteEnteringPassword
                0x00004f76       0x26 ./APP/SMART_HOME_PROG.o
                0x00004f76                IsCompleteEnteringPassword
 .text.CheckPassword
                0x00004f9c       0x6a ./APP/SMART_HOME_PROG.o
                0x00004f9c                CheckPassword
 .text.OpenDoor
                0x00005006      0x130 ./APP/SMART_HOME_PROG.o
                0x00005006                OpenDoor
 .text.WelcomMessage
                0x00005136       0x1c ./APP/SMART_HOME_PROG.o
                0x00005136                WelcomMessage
 .text.DisplayLastLoginTime
                0x00005152      0x472 ./APP/SMART_HOME_PROG.o
                0x00005152                DisplayLastLoginTime
 .text.DisplayLoginTime
                0x000055c4      0x1d6 ./APP/SMART_HOME_PROG.o
                0x000055c4                DisplayLoginTime
 .text.DisplayLoginDate
                0x0000579a      0x164 ./APP/SMART_HOME_PROG.o
                0x0000579a                DisplayLoginDate
 .text.StoreLoginTime
                0x000058fe      0x72c ./APP/SMART_HOME_PROG.o
                0x000058fe                StoreLoginTime
 .text.StoreLoginDate
                0x0000602a      0x47e ./APP/SMART_HOME_PROG.o
                0x0000602a                StoreLoginDate
 .text.SendStartToMCU2
                0x000064a8       0x16 ./APP/SMART_HOME_PROG.o
                0x000064a8                SendStartToMCU2
 .text.HandleChangePasswordDisplay
                0x000064be       0x80 ./APP/SMART_HOME_PROG.o
                0x000064be                HandleChangePasswordDisplay
 .text.StoreNewPassword
                0x0000653e      0x282 ./APP/SMART_HOME_PROG.o
                0x0000653e                StoreNewPassword
 .text.ResetPassword
                0x000067c0       0x1e ./APP/SMART_HOME_PROG.o
                0x000067c0                ResetPassword
 .text.HandleErrorPassword
                0x000067de      0x26c ./APP/SMART_HOME_PROG.o
                0x000067de                HandleErrorPassword
 .text.BlockAndAlarmTurnOn
                0x00006a4a       0x40 ./APP/SMART_HOME_PROG.o
                0x00006a4a                BlockAndAlarmTurnOn
 .text.ScanFingerPrint
                0x00006a8a      0x256 ./APP/SMART_HOME_PROG.o
                0x00006a8a                ScanFingerPrint
 .text.HandleFingerPrintDisplay
                0x00006ce0      0x170 ./APP/SMART_HOME_PROG.o
                0x00006ce0                HandleFingerPrintDisplay
 .text.StoreNewFingerPrint
                0x00006e50      0x246 ./APP/SMART_HOME_PROG.o
                0x00006e50                StoreNewFingerPrint
 .text.StorePageID
                0x00007096       0x1e ./APP/SMART_HOME_PROG.o
                0x00007096                StorePageID
 .text.ReadPageID
                0x000070b4       0x26 ./APP/SMART_HOME_PROG.o
                0x000070b4                ReadPageID
 .text.FactoryResetSystem
                0x000070da      0x186 ./APP/SMART_HOME_PROG.o
                0x000070da                FactoryResetSystem
 .text.main     0x00007260      0x264 ./APP/main.o
                0x00007260                main
 .text.libgcc   0x000074c4       0x18 d:/books/faculty/imt embedded/imt_sdk_win_64/winavr/bin/../lib/gcc/avr/4.3.3/avr5\libgcc.a(_udivmodqi4.o)
                0x000074c4                __udivmodqi4
 .text.libgcc   0x000074dc       0x28 d:/books/faculty/imt embedded/imt_sdk_win_64/winavr/bin/../lib/gcc/avr/4.3.3/avr5\libgcc.a(_udivmodhi4.o)
                0x000074dc                __udivmodhi4
 .text.libgcc   0x00007504       0x36 d:/books/faculty/imt embedded/imt_sdk_win_64/winavr/bin/../lib/gcc/avr/4.3.3/avr5\libgcc.a(_divmodsi4.o)
                0x00007504                __divmodsi4
 .text.libgcc   0x0000753a        0x0 d:/books/faculty/imt embedded/imt_sdk_win_64/winavr/bin/../lib/gcc/avr/4.3.3/avr5\libgcc.a(_exit.o)
 .text.libgcc   0x0000753a        0x0 d:/books/faculty/imt embedded/imt_sdk_win_64/winavr/bin/../lib/gcc/avr/4.3.3/avr5\libgcc.a(_copy_data.o)
 .text.libgcc   0x0000753a        0x0 d:/books/faculty/imt embedded/imt_sdk_win_64/winavr/bin/../lib/gcc/avr/4.3.3/avr5\libgcc.a(_clear_bss.o)
 .text.libgcc   0x0000753a       0x44 d:/books/faculty/imt embedded/imt_sdk_win_64/winavr/bin/../lib/gcc/avr/4.3.3/avr5\libgcc.a(_udivmodsi4.o)
                0x0000753a                __udivmodsi4
 .text.libgcc   0x0000757e       0x38 d:/books/faculty/imt embedded/imt_sdk_win_64/winavr/bin/../lib/gcc/avr/4.3.3/avr5\libgcc.a(_prologue.o)
                0x0000757e                __prologue_saves__
 .text.libgcc   0x000075b6       0x36 d:/books/faculty/imt embedded/imt_sdk_win_64/winavr/bin/../lib/gcc/avr/4.3.3/avr5\libgcc.a(_epilogue.o)
                0x000075b6                __epilogue_restores__
 .text.avr-libc
                0x000075ec       0x42 d:/books/faculty/imt embedded/imt_sdk_win_64/winavr/bin/../lib/gcc/avr/4.3.3/../../../../avr/lib/avr5\libc.a(itoa.o)
                0x000075ec                itoa
 .text.avr-libc
                0x0000762e       0x20 d:/books/faculty/imt embedded/imt_sdk_win_64/winavr/bin/../lib/gcc/avr/4.3.3/../../../../avr/lib/avr5\libc.a(strrev.o)
                0x0000762e                strrev
                0x0000764e                . = ALIGN (0x2)
 *(.fini9)
 .fini9         0x0000764e        0x0 d:/books/faculty/imt embedded/imt_sdk_win_64/winavr/bin/../lib/gcc/avr/4.3.3/avr5\libgcc.a(_exit.o)
                0x0000764e                exit
                0x0000764e                _exit
 *(.fini9)
 *(.fini8)
 *(.fini8)
 *(.fini7)
 *(.fini7)
 *(.fini6)
 *(.fini6)
 *(.fini5)
 *(.fini5)
 *(.fini4)
 *(.fini4)
 *(.fini3)
 *(.fini3)
 *(.fini2)
 *(.fini2)
 *(.fini1)
 *(.fini1)
 *(.fini0)
 .fini0         0x0000764e        0x4 d:/books/faculty/imt embedded/imt_sdk_win_64/winavr/bin/../lib/gcc/avr/4.3.3/avr5\libgcc.a(_exit.o)
 *(.fini0)
                0x00007652                _etext = .

.data           0x00800060      0x2cc load address 0x00007652
                0x00800060                PROVIDE (__data_start, .)
 *(.data)
 .data          0x00800060        0x0 d:/books/faculty/imt embedded/imt_sdk_win_64/winavr/bin/../lib/gcc/avr/4.3.3/../../../../avr/lib/avr5/crtm32.o
 .data          0x00800060        0x0 ./MCAL/UART/UART_PROG.o
 .data          0x00800060        0x0 ./MCAL/PORT/PORT_PROG.o
 .data          0x00800060        0x0 ./MCAL/I2C/I2C_PROG.o
 .data          0x00800060        0x0 ./MCAL/GENERAL_INTERRUPT/GIE_PROG.o
 .data          0x00800060        0x0 ./MCAL/DIO/DIO_PROG.o
 .data          0x00800060       0x31 ./HAL/RTC/RTC_PROG.o
 .data          0x00800091        0x0 ./HAL/LED/LED_PROG.o
 .data          0x00800091        0x0 ./HAL/LCD/LCD_PROG.o
 .data          0x00800091        0x0 ./HAL/KEYPAD/KEYPAD_PROG.o
 .data          0x00800091       0x90 ./HAL/FINGER_PRINT/FINGER_PRINT_PROG.o
 .data          0x00800121        0x0 ./HAL/EXTERNAL_EEPROM/ExEEPROM_PROG.o
 .data          0x00800121        0x0 ./CONFIG/DIO_LCFG.o
 .data          0x00800121        0x0 ./CONFIG/ExEEPROM_LCFG.o
 .data          0x00800121        0x0 ./CONFIG/I2C_LCFG.o
 .data          0x00800121        0x0 ./CONFIG/KEYPAD_LCFG.o
 .data          0x00800121        0x0 ./CONFIG/LCD_LCFH.o
 .data          0x00800121        0x0 ./CONFIG/LED_LCFG.o
 .data          0x00800121        0x0 ./CONFIG/PORT_LCFG.o
 .data          0x00800121        0x0 ./CONFIG/UART_LCFG.o
 .data          0x00800121      0x183 ./APP/SMART_HOME_PROG.o
 .data          0x008002a4        0x0 ./APP/main.o
 .data          0x008002a4        0x0 d:/books/faculty/imt embedded/imt_sdk_win_64/winavr/bin/../lib/gcc/avr/4.3.3/avr5\libgcc.a(_udivmodqi4.o)
 .data          0x008002a4        0x0 d:/books/faculty/imt embedded/imt_sdk_win_64/winavr/bin/../lib/gcc/avr/4.3.3/avr5\libgcc.a(_udivmodhi4.o)
 .data          0x008002a4        0x0 d:/books/faculty/imt embedded/imt_sdk_win_64/winavr/bin/../lib/gcc/avr/4.3.3/avr5\libgcc.a(_divmodsi4.o)
 .data          0x008002a4        0x0 d:/books/faculty/imt embedded/imt_sdk_win_64/winavr/bin/../lib/gcc/avr/4.3.3/avr5\libgcc.a(_exit.o)
 .data          0x008002a4        0x0 d:/books/faculty/imt embedded/imt_sdk_win_64/winavr/bin/../lib/gcc/avr/4.3.3/avr5\libgcc.a(_copy_data.o)
 .data          0x008002a4        0x0 d:/books/faculty/imt embedded/imt_sdk_win_64/winavr/bin/../lib/gcc/avr/4.3.3/avr5\libgcc.a(_clear_bss.o)
 .data          0x008002a4        0x0 d:/books/faculty/imt embedded/imt_sdk_win_64/winavr/bin/../lib/gcc/avr/4.3.3/avr5\libgcc.a(_fixunssfsi.o)
 .data          0x008002a4        0x0 d:/books/faculty/imt embedded/imt_sdk_win_64/winavr/bin/../lib/gcc/avr/4.3.3/avr5\libgcc.a(_addsub_sf.o)
 .data          0x008002a4        0x0 d:/books/faculty/imt embedded/imt_sdk_win_64/winavr/bin/../lib/gcc/avr/4.3.3/avr5\libgcc.a(_mul_sf.o)
 .data          0x008002a4        0x0 d:/books/faculty/imt embedded/imt_sdk_win_64/winavr/bin/../lib/gcc/avr/4.3.3/avr5\libgcc.a(_gt_sf.o)
 .data          0x008002a4        0x0 d:/books/faculty/imt embedded/imt_sdk_win_64/winavr/bin/../lib/gcc/avr/4.3.3/avr5\libgcc.a(_ge_sf.o)
 .data          0x008002a4        0x0 d:/books/faculty/imt embedded/imt_sdk_win_64/winavr/bin/../lib/gcc/avr/4.3.3/avr5\libgcc.a(_lt_sf.o)
 .data          0x008002a4        0x0 d:/books/faculty/imt embedded/imt_sdk_win_64/winavr/bin/../lib/gcc/avr/4.3.3/avr5\libgcc.a(_sf_to_si.o)
 .data          0x008002a4        0x8 d:/books/faculty/imt embedded/imt_sdk_win_64/winavr/bin/../lib/gcc/avr/4.3.3/avr5\libgcc.a(_thenan_sf.o)
                0x008002a4                __thenan_sf
 .data          0x008002ac        0x0 d:/books/faculty/imt embedded/imt_sdk_win_64/winavr/bin/../lib/gcc/avr/4.3.3/avr5\libgcc.a(_udivmodsi4.o)
 .data          0x008002ac        0x0 d:/books/faculty/imt embedded/imt_sdk_win_64/winavr/bin/../lib/gcc/avr/4.3.3/avr5\libgcc.a(_prologue.o)
 .data          0x008002ac        0x0 d:/books/faculty/imt embedded/imt_sdk_win_64/winavr/bin/../lib/gcc/avr/4.3.3/avr5\libgcc.a(_epilogue.o)
 .data          0x008002ac        0x0 d:/books/faculty/imt embedded/imt_sdk_win_64/winavr/bin/../lib/gcc/avr/4.3.3/avr5\libgcc.a(_pack_sf.o)
 .data          0x008002ac        0x0 d:/books/faculty/imt embedded/imt_sdk_win_64/winavr/bin/../lib/gcc/avr/4.3.3/avr5\libgcc.a(_unpack_sf.o)
 .data          0x008002ac        0x0 d:/books/faculty/imt embedded/imt_sdk_win_64/winavr/bin/../lib/gcc/avr/4.3.3/avr5\libgcc.a(_fpcmp_parts_sf.o)
 .data          0x008002ac        0x0 d:/books/faculty/imt embedded/imt_sdk_win_64/winavr/bin/../lib/gcc/avr/4.3.3/../../../../avr/lib/avr5\libc.a(itoa.o)
 .data          0x008002ac        0x0 d:/books/faculty/imt embedded/imt_sdk_win_64/winavr/bin/../lib/gcc/avr/4.3.3/../../../../avr/lib/avr5\libc.a(strrev.o)
 *(.data*)
 *(.rodata)
 *(.rodata*)
 .rodata.PORT_Config_Arr
                0x008002ac       0x80 ./CONFIG/PORT_LCFG.o
                0x008002ac                PORT_Config_Arr
 *(.gnu.linkonce.d*)
                0x0080032c                . = ALIGN (0x2)
                0x0080032c                _edata = .
                0x0080032c                PROVIDE (__data_end, .)

.bss            0x0080032c       0x6c
                0x0080032c                PROVIDE (__bss_start, .)
 *(.bss)
 .bss           0x0080032c        0x0 d:/books/faculty/imt embedded/imt_sdk_win_64/winavr/bin/../lib/gcc/avr/4.3.3/../../../../avr/lib/avr5/crtm32.o
 .bss           0x0080032c        0x0 ./MCAL/UART/UART_PROG.o
 .bss           0x0080032c        0x0 ./MCAL/PORT/PORT_PROG.o
 .bss           0x0080032c        0x0 ./MCAL/I2C/I2C_PROG.o
 .bss           0x0080032c        0x0 ./MCAL/GENERAL_INTERRUPT/GIE_PROG.o
 .bss           0x0080032c        0x0 ./MCAL/DIO/DIO_PROG.o
 .bss           0x0080032c        0x0 ./HAL/RTC/RTC_PROG.o
 .bss           0x0080032c        0x0 ./HAL/LED/LED_PROG.o
 .bss           0x0080032c        0x0 ./HAL/LCD/LCD_PROG.o
 .bss           0x0080032c        0x0 ./HAL/KEYPAD/KEYPAD_PROG.o
 .bss           0x0080032c        0x0 ./HAL/FINGER_PRINT/FINGER_PRINT_PROG.o
 .bss           0x0080032c        0x0 ./HAL/EXTERNAL_EEPROM/ExEEPROM_PROG.o
 .bss           0x0080032c        0x0 ./CONFIG/DIO_LCFG.o
 .bss           0x0080032c        0x0 ./CONFIG/ExEEPROM_LCFG.o
 .bss           0x0080032c        0x0 ./CONFIG/I2C_LCFG.o
 .bss           0x0080032c        0x0 ./CONFIG/KEYPAD_LCFG.o
 .bss           0x0080032c        0x0 ./CONFIG/LCD_LCFH.o
 .bss           0x0080032c        0x0 ./CONFIG/LED_LCFG.o
 .bss           0x0080032c        0x0 ./CONFIG/PORT_LCFG.o
 .bss           0x0080032c        0x0 ./CONFIG/UART_LCFG.o
 .bss           0x0080032c        0x0 ./APP/SMART_HOME_PROG.o
 .bss           0x0080032c        0x0 ./APP/main.o
 .bss           0x0080032c        0x0 d:/books/faculty/imt embedded/imt_sdk_win_64/winavr/bin/../lib/gcc/avr/4.3.3/avr5\libgcc.a(_udivmodqi4.o)
 .bss           0x0080032c        0x0 d:/books/faculty/imt embedded/imt_sdk_win_64/winavr/bin/../lib/gcc/avr/4.3.3/avr5\libgcc.a(_udivmodhi4.o)
 .bss           0x0080032c        0x0 d:/books/faculty/imt embedded/imt_sdk_win_64/winavr/bin/../lib/gcc/avr/4.3.3/avr5\libgcc.a(_divmodsi4.o)
 .bss           0x0080032c        0x0 d:/books/faculty/imt embedded/imt_sdk_win_64/winavr/bin/../lib/gcc/avr/4.3.3/avr5\libgcc.a(_exit.o)
 .bss           0x0080032c        0x0 d:/books/faculty/imt embedded/imt_sdk_win_64/winavr/bin/../lib/gcc/avr/4.3.3/avr5\libgcc.a(_copy_data.o)
 .bss           0x0080032c        0x0 d:/books/faculty/imt embedded/imt_sdk_win_64/winavr/bin/../lib/gcc/avr/4.3.3/avr5\libgcc.a(_clear_bss.o)
 .bss           0x0080032c        0x0 d:/books/faculty/imt embedded/imt_sdk_win_64/winavr/bin/../lib/gcc/avr/4.3.3/avr5\libgcc.a(_fixunssfsi.o)
 .bss           0x0080032c        0x0 d:/books/faculty/imt embedded/imt_sdk_win_64/winavr/bin/../lib/gcc/avr/4.3.3/avr5\libgcc.a(_addsub_sf.o)
 .bss           0x0080032c        0x0 d:/books/faculty/imt embedded/imt_sdk_win_64/winavr/bin/../lib/gcc/avr/4.3.3/avr5\libgcc.a(_mul_sf.o)
 .bss           0x0080032c        0x0 d:/books/faculty/imt embedded/imt_sdk_win_64/winavr/bin/../lib/gcc/avr/4.3.3/avr5\libgcc.a(_gt_sf.o)
 .bss           0x0080032c        0x0 d:/books/faculty/imt embedded/imt_sdk_win_64/winavr/bin/../lib/gcc/avr/4.3.3/avr5\libgcc.a(_ge_sf.o)
 .bss           0x0080032c        0x0 d:/books/faculty/imt embedded/imt_sdk_win_64/winavr/bin/../lib/gcc/avr/4.3.3/avr5\libgcc.a(_lt_sf.o)
 .bss           0x0080032c        0x0 d:/books/faculty/imt embedded/imt_sdk_win_64/winavr/bin/../lib/gcc/avr/4.3.3/avr5\libgcc.a(_sf_to_si.o)
 .bss           0x0080032c        0x0 d:/books/faculty/imt embedded/imt_sdk_win_64/winavr/bin/../lib/gcc/avr/4.3.3/avr5\libgcc.a(_thenan_sf.o)
 .bss           0x0080032c        0x0 d:/books/faculty/imt embedded/imt_sdk_win_64/winavr/bin/../lib/gcc/avr/4.3.3/avr5\libgcc.a(_udivmodsi4.o)
 .bss           0x0080032c        0x0 d:/books/faculty/imt embedded/imt_sdk_win_64/winavr/bin/../lib/gcc/avr/4.3.3/avr5\libgcc.a(_prologue.o)
 .bss           0x0080032c        0x0 d:/books/faculty/imt embedded/imt_sdk_win_64/winavr/bin/../lib/gcc/avr/4.3.3/avr5\libgcc.a(_epilogue.o)
 .bss           0x0080032c        0x0 d:/books/faculty/imt embedded/imt_sdk_win_64/winavr/bin/../lib/gcc/avr/4.3.3/avr5\libgcc.a(_pack_sf.o)
 .bss           0x0080032c        0x0 d:/books/faculty/imt embedded/imt_sdk_win_64/winavr/bin/../lib/gcc/avr/4.3.3/avr5\libgcc.a(_unpack_sf.o)
 .bss           0x0080032c        0x0 d:/books/faculty/imt embedded/imt_sdk_win_64/winavr/bin/../lib/gcc/avr/4.3.3/avr5\libgcc.a(_fpcmp_parts_sf.o)
 .bss           0x0080032c        0x0 d:/books/faculty/imt embedded/imt_sdk_win_64/winavr/bin/../lib/gcc/avr/4.3.3/../../../../avr/lib/avr5\libc.a(itoa.o)
 .bss           0x0080032c        0x0 d:/books/faculty/imt embedded/imt_sdk_win_64/winavr/bin/../lib/gcc/avr/4.3.3/../../../../avr/lib/avr5\libc.a(strrev.o)
 *(.bss*)
 .bss.global_ReceivedData
                0x0080032c        0x1 ./MCAL/UART/UART_PROG.o
                0x0080032c                global_ReceivedData
 .bss.DepouncingCounter4.1251
                0x0080032d        0x1 ./HAL/KEYPAD/KEYPAD_PROG.o
 .bss.DepouncingCounter3.1250
                0x0080032e        0x1 ./HAL/KEYPAD/KEYPAD_PROG.o
 .bss.DepouncingCounter2.1249
                0x0080032f        0x1 ./HAL/KEYPAD/KEYPAD_PROG.o
 .bss.DepouncingCounter1.1248
                0x00800330        0x1 ./HAL/KEYPAD/KEYPAD_PROG.o
 .bss.FingerPrintBufferCounter
                0x00800331        0x1 ./HAL/FINGER_PRINT/FINGER_PRINT_PROG.o
                0x00800331                FingerPrintBufferCounter
 *(COMMON)
 COMMON         0x00800332        0x2 ./MCAL/UART/UART_PROG.o
                0x00800332                CallBackReceiveFunc
 COMMON         0x00800334       0x64 ./HAL/FINGER_PRINT/FINGER_PRINT_PROG.o
                0x00800334                FingerPrintBuffer
                0x00800398                PROVIDE (__bss_end, .)
                0x00007652                __data_load_start = LOADADDR (.data)
                0x0000791e                __data_load_end = (__data_load_start + SIZEOF (.data))

.noinit         0x00800398        0x0
                0x00800398                PROVIDE (__noinit_start, .)
 *(.noinit*)
                0x00800398                PROVIDE (__noinit_end, .)
                0x00800398                _end = .
                0x00800398                PROVIDE (__heap_start, .)

.eeprom         0x00810000        0x0
 *(.eeprom*)
                0x00810000                __eeprom_end = .

.fuse
 *(.fuse)
 *(.lfuse)
 *(.hfuse)
 *(.efuse)

.lock
 *(.lock*)

.signature
 *(.signature*)

.stab           0x00000000     0x8910
 *(.stab)
 .stab          0x00000000      0xa80 ./MCAL/UART/UART_PROG.o
 .stab          0x00000a80      0x354 ./MCAL/PORT/PORT_PROG.o
                                0x3cc (size before relaxing)
 .stab          0x00000dd4      0x4ec ./MCAL/I2C/I2C_PROG.o
                                0x564 (size before relaxing)
 .stab          0x000012c0      0x144 ./MCAL/GENERAL_INTERRUPT/GIE_PROG.o
                                0x1bc (size before relaxing)
 .stab          0x00001404      0x588 ./MCAL/DIO/DIO_PROG.o
                                0x600 (size before relaxing)
 .stab          0x0000198c      0x99c ./HAL/RTC/RTC_PROG.o
                                0xb94 (size before relaxing)
 .stab          0x00002328      0x240 ./HAL/LED/LED_PROG.o
                                0x324 (size before relaxing)
 .stab          0x00002568      0xb58 ./HAL/LCD/LCD_PROG.o
                                0xdd4 (size before relaxing)
 .stab          0x000030c0      0x54c ./HAL/KEYPAD/KEYPAD_PROG.o
                                0x630 (size before relaxing)
 .stab          0x0000360c     0x189c ./HAL/FINGER_PRINT/FINGER_PRINT_PROG.o
                               0x1aac (size before relaxing)
 .stab          0x00004ea8      0x2f4 ./HAL/EXTERNAL_EEPROM/ExEEPROM_PROG.o
                                0x564 (size before relaxing)
 .stab          0x0000519c       0xd8 ./CONFIG/DIO_LCFG.o
                                 0xe4 (size before relaxing)
 .stab          0x00005274       0xd8 ./CONFIG/ExEEPROM_LCFG.o
                                 0xe4 (size before relaxing)
 .stab          0x0000534c       0xd8 ./CONFIG/I2C_LCFG.o
                                 0xe4 (size before relaxing)
 .stab          0x00005424       0xd8 ./CONFIG/KEYPAD_LCFG.o
                                 0xe4 (size before relaxing)
 .stab          0x000054fc       0xd8 ./CONFIG/LCD_LCFH.o
                                 0xe4 (size before relaxing)
 .stab          0x000055d4       0xd8 ./CONFIG/LED_LCFG.o
                                 0xe4 (size before relaxing)
 .stab          0x000056ac      0x1a4 ./CONFIG/PORT_LCFG.o
                                0x21c (size before relaxing)
 .stab          0x00005850       0xd8 ./CONFIG/UART_LCFG.o
                                 0xe4 (size before relaxing)
 .stab          0x00005928     0x2958 ./APP/SMART_HOME_PROG.o
                               0x2bd4 (size before relaxing)
 .stab          0x00008280      0x690 ./APP/main.o
                                0xc0c (size before relaxing)

.stabstr        0x00000000     0x4277
 *(.stabstr)
 .stabstr       0x00000000     0x4277 ./MCAL/UART/UART_PROG.o

.stab.excl
 *(.stab.excl)

.stab.exclstr
 *(.stab.exclstr)

.stab.index
 *(.stab.index)

.stab.indexstr
 *(.stab.indexstr)

.comment
 *(.comment)

.debug
 *(.debug)

.line
 *(.line)

.debug_srcinfo
 *(.debug_srcinfo)

.debug_sfnames
 *(.debug_sfnames)

.debug_aranges  0x00000000      0x140
 *(.debug_aranges)
 .debug_aranges
                0x00000000       0x20 d:/books/faculty/imt embedded/imt_sdk_win_64/winavr/bin/../lib/gcc/avr/4.3.3/avr5\libgcc.a(_fixunssfsi.o)
 .debug_aranges
                0x00000020       0x20 d:/books/faculty/imt embedded/imt_sdk_win_64/winavr/bin/../lib/gcc/avr/4.3.3/avr5\libgcc.a(_addsub_sf.o)
 .debug_aranges
                0x00000040       0x20 d:/books/faculty/imt embedded/imt_sdk_win_64/winavr/bin/../lib/gcc/avr/4.3.3/avr5\libgcc.a(_mul_sf.o)
 .debug_aranges
                0x00000060       0x20 d:/books/faculty/imt embedded/imt_sdk_win_64/winavr/bin/../lib/gcc/avr/4.3.3/avr5\libgcc.a(_gt_sf.o)
 .debug_aranges
                0x00000080       0x20 d:/books/faculty/imt embedded/imt_sdk_win_64/winavr/bin/../lib/gcc/avr/4.3.3/avr5\libgcc.a(_ge_sf.o)
 .debug_aranges
                0x000000a0       0x20 d:/books/faculty/imt embedded/imt_sdk_win_64/winavr/bin/../lib/gcc/avr/4.3.3/avr5\libgcc.a(_lt_sf.o)
 .debug_aranges
                0x000000c0       0x20 d:/books/faculty/imt embedded/imt_sdk_win_64/winavr/bin/../lib/gcc/avr/4.3.3/avr5\libgcc.a(_sf_to_si.o)
 .debug_aranges
                0x000000e0       0x20 d:/books/faculty/imt embedded/imt_sdk_win_64/winavr/bin/../lib/gcc/avr/4.3.3/avr5\libgcc.a(_pack_sf.o)
 .debug_aranges
                0x00000100       0x20 d:/books/faculty/imt embedded/imt_sdk_win_64/winavr/bin/../lib/gcc/avr/4.3.3/avr5\libgcc.a(_unpack_sf.o)
 .debug_aranges
                0x00000120       0x20 d:/books/faculty/imt embedded/imt_sdk_win_64/winavr/bin/../lib/gcc/avr/4.3.3/avr5\libgcc.a(_fpcmp_parts_sf.o)

.debug_pubnames
                0x00000000      0x170
 *(.debug_pubnames)
 .debug_pubnames
                0x00000000       0x23 d:/books/faculty/imt embedded/imt_sdk_win_64/winavr/bin/../lib/gcc/avr/4.3.3/avr5\libgcc.a(_fixunssfsi.o)
 .debug_pubnames
                0x00000023       0x2c d:/books/faculty/imt embedded/imt_sdk_win_64/winavr/bin/../lib/gcc/avr/4.3.3/avr5\libgcc.a(_addsub_sf.o)
 .debug_pubnames
                0x0000004f       0x1f d:/books/faculty/imt embedded/imt_sdk_win_64/winavr/bin/../lib/gcc/avr/4.3.3/avr5\libgcc.a(_mul_sf.o)
 .debug_pubnames
                0x0000006e       0x1e d:/books/faculty/imt embedded/imt_sdk_win_64/winavr/bin/../lib/gcc/avr/4.3.3/avr5\libgcc.a(_gt_sf.o)
 .debug_pubnames
                0x0000008c       0x1e d:/books/faculty/imt embedded/imt_sdk_win_64/winavr/bin/../lib/gcc/avr/4.3.3/avr5\libgcc.a(_ge_sf.o)
 .debug_pubnames
                0x000000aa       0x1e d:/books/faculty/imt embedded/imt_sdk_win_64/winavr/bin/../lib/gcc/avr/4.3.3/avr5\libgcc.a(_lt_sf.o)
 .debug_pubnames
                0x000000c8       0x20 d:/books/faculty/imt embedded/imt_sdk_win_64/winavr/bin/../lib/gcc/avr/4.3.3/avr5\libgcc.a(_sf_to_si.o)
 .debug_pubnames
                0x000000e8       0x22 d:/books/faculty/imt embedded/imt_sdk_win_64/winavr/bin/../lib/gcc/avr/4.3.3/avr5\libgcc.a(_thenan_sf.o)
 .debug_pubnames
                0x0000010a       0x1f d:/books/faculty/imt embedded/imt_sdk_win_64/winavr/bin/../lib/gcc/avr/4.3.3/avr5\libgcc.a(_pack_sf.o)
 .debug_pubnames
                0x00000129       0x21 d:/books/faculty/imt embedded/imt_sdk_win_64/winavr/bin/../lib/gcc/avr/4.3.3/avr5\libgcc.a(_unpack_sf.o)
 .debug_pubnames
                0x0000014a       0x26 d:/books/faculty/imt embedded/imt_sdk_win_64/winavr/bin/../lib/gcc/avr/4.3.3/avr5\libgcc.a(_fpcmp_parts_sf.o)

.debug_info     0x00000000     0x1c49
 *(.debug_info)
 .debug_info    0x00000000       0xb1 d:/books/faculty/imt embedded/imt_sdk_win_64/winavr/bin/../lib/gcc/avr/4.3.3/avr5\libgcc.a(_fixunssfsi.o)
 .debug_info    0x000000b1      0x47a d:/books/faculty/imt embedded/imt_sdk_win_64/winavr/bin/../lib/gcc/avr/4.3.3/avr5\libgcc.a(_addsub_sf.o)
 .debug_info    0x0000052b      0x485 d:/books/faculty/imt embedded/imt_sdk_win_64/winavr/bin/../lib/gcc/avr/4.3.3/avr5\libgcc.a(_mul_sf.o)
 .debug_info    0x000009b0      0x27f d:/books/faculty/imt embedded/imt_sdk_win_64/winavr/bin/../lib/gcc/avr/4.3.3/avr5\libgcc.a(_gt_sf.o)
 .debug_info    0x00000c2f      0x27f d:/books/faculty/imt embedded/imt_sdk_win_64/winavr/bin/../lib/gcc/avr/4.3.3/avr5\libgcc.a(_ge_sf.o)
 .debug_info    0x00000eae      0x27f d:/books/faculty/imt embedded/imt_sdk_win_64/winavr/bin/../lib/gcc/avr/4.3.3/avr5\libgcc.a(_lt_sf.o)
 .debug_info    0x0000112d      0x2b0 d:/books/faculty/imt embedded/imt_sdk_win_64/winavr/bin/../lib/gcc/avr/4.3.3/avr5\libgcc.a(_sf_to_si.o)
 .debug_info    0x000013dd      0x12c d:/books/faculty/imt embedded/imt_sdk_win_64/winavr/bin/../lib/gcc/avr/4.3.3/avr5\libgcc.a(_thenan_sf.o)
 .debug_info    0x00001509      0x2df d:/books/faculty/imt embedded/imt_sdk_win_64/winavr/bin/../lib/gcc/avr/4.3.3/avr5\libgcc.a(_pack_sf.o)
 .debug_info    0x000017e8      0x251 d:/books/faculty/imt embedded/imt_sdk_win_64/winavr/bin/../lib/gcc/avr/4.3.3/avr5\libgcc.a(_unpack_sf.o)
 .debug_info    0x00001a39      0x210 d:/books/faculty/imt embedded/imt_sdk_win_64/winavr/bin/../lib/gcc/avr/4.3.3/avr5\libgcc.a(_fpcmp_parts_sf.o)
 *(.gnu.linkonce.wi.*)

.debug_abbrev   0x00000000      0xeeb
 *(.debug_abbrev)
 .debug_abbrev  0x00000000       0x5d d:/books/faculty/imt embedded/imt_sdk_win_64/winavr/bin/../lib/gcc/avr/4.3.3/avr5\libgcc.a(_fixunssfsi.o)
 .debug_abbrev  0x0000005d      0x1ea d:/books/faculty/imt embedded/imt_sdk_win_64/winavr/bin/../lib/gcc/avr/4.3.3/avr5\libgcc.a(_addsub_sf.o)
 .debug_abbrev  0x00000247      0x21b d:/books/faculty/imt embedded/imt_sdk_win_64/winavr/bin/../lib/gcc/avr/4.3.3/avr5\libgcc.a(_mul_sf.o)
 .debug_abbrev  0x00000462      0x15a d:/books/faculty/imt embedded/imt_sdk_win_64/winavr/bin/../lib/gcc/avr/4.3.3/avr5\libgcc.a(_gt_sf.o)
 .debug_abbrev  0x000005bc      0x15a d:/books/faculty/imt embedded/imt_sdk_win_64/winavr/bin/../lib/gcc/avr/4.3.3/avr5\libgcc.a(_ge_sf.o)
 .debug_abbrev  0x00000716      0x15a d:/books/faculty/imt embedded/imt_sdk_win_64/winavr/bin/../lib/gcc/avr/4.3.3/avr5\libgcc.a(_lt_sf.o)
 .debug_abbrev  0x00000870      0x17f d:/books/faculty/imt embedded/imt_sdk_win_64/winavr/bin/../lib/gcc/avr/4.3.3/avr5\libgcc.a(_sf_to_si.o)
 .debug_abbrev  0x000009ef       0xad d:/books/faculty/imt embedded/imt_sdk_win_64/winavr/bin/../lib/gcc/avr/4.3.3/avr5\libgcc.a(_thenan_sf.o)
 .debug_abbrev  0x00000a9c      0x1c0 d:/books/faculty/imt embedded/imt_sdk_win_64/winavr/bin/../lib/gcc/avr/4.3.3/avr5\libgcc.a(_pack_sf.o)
 .debug_abbrev  0x00000c5c      0x154 d:/books/faculty/imt embedded/imt_sdk_win_64/winavr/bin/../lib/gcc/avr/4.3.3/avr5\libgcc.a(_unpack_sf.o)
 .debug_abbrev  0x00000db0      0x13b d:/books/faculty/imt embedded/imt_sdk_win_64/winavr/bin/../lib/gcc/avr/4.3.3/avr5\libgcc.a(_fpcmp_parts_sf.o)

.debug_line     0x00000000      0xdad
 *(.debug_line)
 .debug_line    0x00000000       0xa7 d:/books/faculty/imt embedded/imt_sdk_win_64/winavr/bin/../lib/gcc/avr/4.3.3/avr5\libgcc.a(_fixunssfsi.o)
 .debug_line    0x000000a7      0x2af d:/books/faculty/imt embedded/imt_sdk_win_64/winavr/bin/../lib/gcc/avr/4.3.3/avr5\libgcc.a(_addsub_sf.o)
 .debug_line    0x00000356      0x239 d:/books/faculty/imt embedded/imt_sdk_win_64/winavr/bin/../lib/gcc/avr/4.3.3/avr5\libgcc.a(_mul_sf.o)
 .debug_line    0x0000058f       0xd3 d:/books/faculty/imt embedded/imt_sdk_win_64/winavr/bin/../lib/gcc/avr/4.3.3/avr5\libgcc.a(_gt_sf.o)
 .debug_line    0x00000662       0xd3 d:/books/faculty/imt embedded/imt_sdk_win_64/winavr/bin/../lib/gcc/avr/4.3.3/avr5\libgcc.a(_ge_sf.o)
 .debug_line    0x00000735       0xd3 d:/books/faculty/imt embedded/imt_sdk_win_64/winavr/bin/../lib/gcc/avr/4.3.3/avr5\libgcc.a(_lt_sf.o)
 .debug_line    0x00000808      0x109 d:/books/faculty/imt embedded/imt_sdk_win_64/winavr/bin/../lib/gcc/avr/4.3.3/avr5\libgcc.a(_sf_to_si.o)
 .debug_line    0x00000911       0x90 d:/books/faculty/imt embedded/imt_sdk_win_64/winavr/bin/../lib/gcc/avr/4.3.3/avr5\libgcc.a(_thenan_sf.o)
 .debug_line    0x000009a1      0x18a d:/books/faculty/imt embedded/imt_sdk_win_64/winavr/bin/../lib/gcc/avr/4.3.3/avr5\libgcc.a(_pack_sf.o)
 .debug_line    0x00000b2b      0x14b d:/books/faculty/imt embedded/imt_sdk_win_64/winavr/bin/../lib/gcc/avr/4.3.3/avr5\libgcc.a(_unpack_sf.o)
 .debug_line    0x00000c76      0x137 d:/books/faculty/imt embedded/imt_sdk_win_64/winavr/bin/../lib/gcc/avr/4.3.3/avr5\libgcc.a(_fpcmp_parts_sf.o)

.debug_frame    0x00000000      0x160
 *(.debug_frame)
 .debug_frame   0x00000000       0x20 d:/books/faculty/imt embedded/imt_sdk_win_64/winavr/bin/../lib/gcc/avr/4.3.3/avr5\libgcc.a(_fixunssfsi.o)
 .debug_frame   0x00000020       0x40 d:/books/faculty/imt embedded/imt_sdk_win_64/winavr/bin/../lib/gcc/avr/4.3.3/avr5\libgcc.a(_addsub_sf.o)
 .debug_frame   0x00000060       0x20 d:/books/faculty/imt embedded/imt_sdk_win_64/winavr/bin/../lib/gcc/avr/4.3.3/avr5\libgcc.a(_mul_sf.o)
 .debug_frame   0x00000080       0x20 d:/books/faculty/imt embedded/imt_sdk_win_64/winavr/bin/../lib/gcc/avr/4.3.3/avr5\libgcc.a(_gt_sf.o)
 .debug_frame   0x000000a0       0x20 d:/books/faculty/imt embedded/imt_sdk_win_64/winavr/bin/../lib/gcc/avr/4.3.3/avr5\libgcc.a(_ge_sf.o)
 .debug_frame   0x000000c0       0x20 d:/books/faculty/imt embedded/imt_sdk_win_64/winavr/bin/../lib/gcc/avr/4.3.3/avr5\libgcc.a(_lt_sf.o)
 .debug_frame   0x000000e0       0x20 d:/books/faculty/imt embedded/imt_sdk_win_64/winavr/bin/../lib/gcc/avr/4.3.3/avr5\libgcc.a(_sf_to_si.o)
 .debug_frame   0x00000100       0x20 d:/books/faculty/imt embedded/imt_sdk_win_64/winavr/bin/../lib/gcc/avr/4.3.3/avr5\libgcc.a(_pack_sf.o)
 .debug_frame   0x00000120       0x20 d:/books/faculty/imt embedded/imt_sdk_win_64/winavr/bin/../lib/gcc/avr/4.3.3/avr5\libgcc.a(_unpack_sf.o)
 .debug_frame   0x00000140       0x20 d:/books/faculty/imt embedded/imt_sdk_win_64/winavr/bin/../lib/gcc/avr/4.3.3/avr5\libgcc.a(_fpcmp_parts_sf.o)

.debug_str      0x00000000      0x28d
 *(.debug_str)
 .debug_str     0x00000000       0xbf d:/books/faculty/imt embedded/imt_sdk_win_64/winavr/bin/../lib/gcc/avr/4.3.3/avr5\libgcc.a(_fixunssfsi.o)
                                 0xfe (size before relaxing)
 .debug_str     0x000000bf      0x14d d:/books/faculty/imt embedded/imt_sdk_win_64/winavr/bin/../lib/gcc/avr/4.3.3/avr5\libgcc.a(_addsub_sf.o)
                                0x206 (size before relaxing)
 .debug_str     0x0000020c       0x27 d:/books/faculty/imt embedded/imt_sdk_win_64/winavr/bin/../lib/gcc/avr/4.3.3/avr5\libgcc.a(_mul_sf.o)
                                0x1bf (size before relaxing)
 .debug_str     0x00000233        0xf d:/books/faculty/imt embedded/imt_sdk_win_64/winavr/bin/../lib/gcc/avr/4.3.3/avr5\libgcc.a(_gt_sf.o)
                                0x195 (size before relaxing)
 .debug_str     0x00000242        0x8 d:/books/faculty/imt embedded/imt_sdk_win_64/winavr/bin/../lib/gcc/avr/4.3.3/avr5\libgcc.a(_ge_sf.o)
                                0x195 (size before relaxing)
 .debug_str     0x0000024a        0x8 d:/books/faculty/imt embedded/imt_sdk_win_64/winavr/bin/../lib/gcc/avr/4.3.3/avr5\libgcc.a(_lt_sf.o)
                                0x195 (size before relaxing)
 .debug_str     0x00000252        0xa d:/books/faculty/imt embedded/imt_sdk_win_64/winavr/bin/../lib/gcc/avr/4.3.3/avr5\libgcc.a(_sf_to_si.o)
                                0x19e (size before relaxing)
 .debug_str     0x00000000      0x103 d:/books/faculty/imt embedded/imt_sdk_win_64/winavr/bin/../lib/gcc/avr/4.3.3/avr5\libgcc.a(_thenan_sf.o)
 .debug_str     0x0000025c       0x16 d:/books/faculty/imt embedded/imt_sdk_win_64/winavr/bin/../lib/gcc/avr/4.3.3/avr5\libgcc.a(_pack_sf.o)
                                0x19d (size before relaxing)
 .debug_str     0x00000272        0xb d:/books/faculty/imt embedded/imt_sdk_win_64/winavr/bin/../lib/gcc/avr/4.3.3/avr5\libgcc.a(_unpack_sf.o)
                                0x17f (size before relaxing)
 .debug_str     0x0000027d       0x10 d:/books/faculty/imt embedded/imt_sdk_win_64/winavr/bin/../lib/gcc/avr/4.3.3/avr5\libgcc.a(_fpcmp_parts_sf.o)
                                0x163 (size before relaxing)

.debug_loc      0x00000000      0x7ce
 *(.debug_loc)
 .debug_loc     0x00000000       0x34 d:/books/faculty/imt embedded/imt_sdk_win_64/winavr/bin/../lib/gcc/avr/4.3.3/avr5\libgcc.a(_fixunssfsi.o)
 .debug_loc     0x00000034      0x32a d:/books/faculty/imt embedded/imt_sdk_win_64/winavr/bin/../lib/gcc/avr/4.3.3/avr5\libgcc.a(_addsub_sf.o)
 .debug_loc     0x0000035e      0x104 d:/books/faculty/imt embedded/imt_sdk_win_64/winavr/bin/../lib/gcc/avr/4.3.3/avr5\libgcc.a(_mul_sf.o)
 .debug_loc     0x00000462       0x3c d:/books/faculty/imt embedded/imt_sdk_win_64/winavr/bin/../lib/gcc/avr/4.3.3/avr5\libgcc.a(_gt_sf.o)
 .debug_loc     0x0000049e       0x3c d:/books/faculty/imt embedded/imt_sdk_win_64/winavr/bin/../lib/gcc/avr/4.3.3/avr5\libgcc.a(_ge_sf.o)
 .debug_loc     0x000004da       0x3c d:/books/faculty/imt embedded/imt_sdk_win_64/winavr/bin/../lib/gcc/avr/4.3.3/avr5\libgcc.a(_lt_sf.o)
 .debug_loc     0x00000516       0x7e d:/books/faculty/imt embedded/imt_sdk_win_64/winavr/bin/../lib/gcc/avr/4.3.3/avr5\libgcc.a(_sf_to_si.o)
 .debug_loc     0x00000594      0x13e d:/books/faculty/imt embedded/imt_sdk_win_64/winavr/bin/../lib/gcc/avr/4.3.3/avr5\libgcc.a(_pack_sf.o)
 .debug_loc     0x000006d2       0xac d:/books/faculty/imt embedded/imt_sdk_win_64/winavr/bin/../lib/gcc/avr/4.3.3/avr5\libgcc.a(_unpack_sf.o)
 .debug_loc     0x0000077e       0x50 d:/books/faculty/imt embedded/imt_sdk_win_64/winavr/bin/../lib/gcc/avr/4.3.3/avr5\libgcc.a(_fpcmp_parts_sf.o)

.debug_macinfo
 *(.debug_macinfo)
OUTPUT(SmartHome_V2.elf elf32-avr)
LOAD linker stubs

.debug_ranges   0x00000000       0x50
 .debug_ranges  0x00000000       0x50 d:/books/faculty/imt embedded/imt_sdk_win_64/winavr/bin/../lib/gcc/avr/4.3.3/avr5\libgcc.a(_mul_sf.o)
